Archive member included to satisfy reference by file (symbol)

c:/program files (x86)/gnu tools arm embedded/5.4 2016q3/bin/../lib/gcc/arm-none-eabi/5.4.1/armv7-m\libgcc.a(_arm_addsubdf3.o)
                              ..\obj\main.o (__aeabi_i2d)
c:/program files (x86)/gnu tools arm embedded/5.4 2016q3/bin/../lib/gcc/arm-none-eabi/5.4.1/armv7-m\libgcc.a(_arm_muldivdf3.o)
                              ..\obj\main.o (__aeabi_ddiv)
c:/program files (x86)/gnu tools arm embedded/5.4 2016q3/bin/../lib/gcc/arm-none-eabi/5.4.1/armv7-m\libgcc.a(_arm_fixunsdfsi.o)
                              ..\obj\main.o (__aeabi_d2uiz)
c:/program files (x86)/gnu tools arm embedded/5.4 2016q3/bin/../lib/gcc/arm-none-eabi/5.4.1/armv7-m\libgcc.a(_arm_addsubsf3.o)
                              ..\obj\main.o (__aeabi_ui2f)
c:/program files (x86)/gnu tools arm embedded/5.4 2016q3/bin/../lib/gcc/arm-none-eabi/5.4.1/armv7-m\libgcc.a(_arm_muldivsf3.o)
                              ..\obj\main.o (__aeabi_fdiv)
c:/program files (x86)/gnu tools arm embedded/5.4 2016q3/bin/../lib/gcc/arm-none-eabi/5.4.1/armv7-m\libgcc.a(_arm_cmpsf2.o)
                              ..\obj\main.o (__aeabi_fcmpeq)
c:/program files (x86)/gnu tools arm embedded/5.4 2016q3/bin/../lib/gcc/arm-none-eabi/5.4.1/../../../../arm-none-eabi/lib/armv7-m\libg.a(lib_a-atoi.o)
                              ..\obj\main.o (atoi)
c:/program files (x86)/gnu tools arm embedded/5.4 2016q3/bin/../lib/gcc/arm-none-eabi/5.4.1/../../../../arm-none-eabi/lib/armv7-m\libg.a(lib_a-sprintf.o)
                              ..\obj\main.o (sprintf)
c:/program files (x86)/gnu tools arm embedded/5.4 2016q3/bin/../lib/gcc/arm-none-eabi/5.4.1/../../../../arm-none-eabi/lib/armv7-m\libg.a(lib_a-strncmp.o)
                              ..\obj\main.o (strncmp)
c:/program files (x86)/gnu tools arm embedded/5.4 2016q3/bin/../lib/gcc/arm-none-eabi/5.4.1/../../../../arm-none-eabi/lib/armv7-m\libg.a(lib_a-strstr.o)
                              ..\obj\main.o (strstr)
c:/program files (x86)/gnu tools arm embedded/5.4 2016q3/bin/../lib/gcc/arm-none-eabi/5.4.1/../../../../arm-none-eabi/lib/armv7-m\libg.a(lib_a-strtol.o)
                              c:/program files (x86)/gnu tools arm embedded/5.4 2016q3/bin/../lib/gcc/arm-none-eabi/5.4.1/../../../../arm-none-eabi/lib/armv7-m\libg.a(lib_a-atoi.o) (_strtol_r)
c:/program files (x86)/gnu tools arm embedded/5.4 2016q3/bin/../lib/gcc/arm-none-eabi/5.4.1/../../../../arm-none-eabi/lib/armv7-m\libg.a(lib_a-svfprintf.o)
                              c:/program files (x86)/gnu tools arm embedded/5.4 2016q3/bin/../lib/gcc/arm-none-eabi/5.4.1/../../../../arm-none-eabi/lib/armv7-m\libg.a(lib_a-sprintf.o) (_svfprintf_r)
c:/program files (x86)/gnu tools arm embedded/5.4 2016q3/bin/../lib/gcc/arm-none-eabi/5.4.1/../../../../arm-none-eabi/lib/armv7-m\libg.a(lib_a-dtoa.o)
                              c:/program files (x86)/gnu tools arm embedded/5.4 2016q3/bin/../lib/gcc/arm-none-eabi/5.4.1/../../../../arm-none-eabi/lib/armv7-m\libg.a(lib_a-svfprintf.o) (_dtoa_r)
c:/program files (x86)/gnu tools arm embedded/5.4 2016q3/bin/../lib/gcc/arm-none-eabi/5.4.1/../../../../arm-none-eabi/lib/armv7-m\libg.a(lib_a-impure.o)
                              c:/program files (x86)/gnu tools arm embedded/5.4 2016q3/bin/../lib/gcc/arm-none-eabi/5.4.1/../../../../arm-none-eabi/lib/armv7-m\libg.a(lib_a-sprintf.o) (_impure_ptr)
c:/program files (x86)/gnu tools arm embedded/5.4 2016q3/bin/../lib/gcc/arm-none-eabi/5.4.1/../../../../arm-none-eabi/lib/armv7-m\libg.a(lib_a-locale.o)
                              c:/program files (x86)/gnu tools arm embedded/5.4 2016q3/bin/../lib/gcc/arm-none-eabi/5.4.1/../../../../arm-none-eabi/lib/armv7-m\libg.a(lib_a-strtol.o) (__locale_ctype_ptr_l)
c:/program files (x86)/gnu tools arm embedded/5.4 2016q3/bin/../lib/gcc/arm-none-eabi/5.4.1/../../../../arm-none-eabi/lib/armv7-m\libg.a(lib_a-localeconv.o)
                              c:/program files (x86)/gnu tools arm embedded/5.4 2016q3/bin/../lib/gcc/arm-none-eabi/5.4.1/../../../../arm-none-eabi/lib/armv7-m\libg.a(lib_a-svfprintf.o) (_localeconv_r)
c:/program files (x86)/gnu tools arm embedded/5.4 2016q3/bin/../lib/gcc/arm-none-eabi/5.4.1/../../../../arm-none-eabi/lib/armv7-m\libg.a(lib_a-mallocr.o)
                              c:/program files (x86)/gnu tools arm embedded/5.4 2016q3/bin/../lib/gcc/arm-none-eabi/5.4.1/../../../../arm-none-eabi/lib/armv7-m\libg.a(lib_a-svfprintf.o) (_malloc_r)
c:/program files (x86)/gnu tools arm embedded/5.4 2016q3/bin/../lib/gcc/arm-none-eabi/5.4.1/../../../../arm-none-eabi/lib/armv7-m\libg.a(lib_a-mbtowc_r.o)
                              c:/program files (x86)/gnu tools arm embedded/5.4 2016q3/bin/../lib/gcc/arm-none-eabi/5.4.1/../../../../arm-none-eabi/lib/armv7-m\libg.a(lib_a-locale.o) (__ascii_mbtowc)
c:/program files (x86)/gnu tools arm embedded/5.4 2016q3/bin/../lib/gcc/arm-none-eabi/5.4.1/../../../../arm-none-eabi/lib/armv7-m\libg.a(lib_a-memchr-stub.o)
[...]
Memory Configuration

Name             Origin             Length             Attributes
rom              0x08000000         0x00020000         xr
ram              0x20000000         0x00005000         xrw
*default*        0x00000000         0xffffffff

Linker script and memory map

                0x20005000                _eram = 0x20005000

.text           0x08000000     0x82f1
 *(.isr_vector)
 .isr_vector    0x08000000      0x10c ..\obj\startup_stm32f10x_md.o
                0x08000000                g_pfnVectors
 *(.text*)
 .text.TIM_TimeBaseInit
                0x0800010c       0xf8 ..\obj\stm32f10x_tim.o
                0x0800010c                TIM_TimeBaseInit
 .text.TIM_OC1Init
                0x08000204      0x118 ..\obj\stm32f10x_tim.o
                0x08000204                TIM_OC1Init
 .text.TIM_PWMIConfig
                0x0800031c       0xb8 ..\obj\stm32f10x_tim.o
                0x0800031c                TIM_PWMIConfig
 .text.TIM_TimeBaseStructInit
                0x080003d4       0x34 ..\obj\stm32f10x_tim.o
                0x080003d4                TIM_TimeBaseStructInit
 .text.TIM_OCStructInit
                0x08000408       0x44 ..\obj\stm32f10x_tim.o
                0x08000408                TIM_OCStructInit
 .text.TIM_Cmd  0x0800044c       0x40 ..\obj\stm32f10x_tim.o
                0x0800044c                TIM_Cmd
 .text.TIM_ITConfig
                0x0800048c       0x48 ..\obj\stm32f10x_tim.o
                0x0800048c                TIM_ITConfig
 .text.TIM_SelectInputTrigger
                0x080004d4       0x38 ..\obj\stm32f10x_tim.o
                0x080004d4                TIM_SelectInputTrigger
 .text.TIM_EncoderInterfaceConfig
                0x0800050c       0x98 ..\obj\stm32f10x_tim.o
                0x0800050c                TIM_EncoderInterfaceConfig
 .text.TIM_SelectOnePulseMode
                0x080005a4       0x38 ..\obj\stm32f10x_tim.o
                0x080005a4                TIM_SelectOnePulseMode
 .text.TIM_SelectSlaveMode
                0x080005dc       0x38 ..\obj\stm32f10x_tim.o
                0x080005dc                TIM_SelectSlaveMode
 .text.TIM_SelectMasterSlaveMode
                0x08000614       0x38 ..\obj\stm32f10x_tim.o
                0x08000614                TIM_SelectMasterSlaveMode
 .text.TIM_SetAutoreload
                0x0800064c       0x1c ..\obj\stm32f10x_tim.o
                0x0800064c                TIM_SetAutoreload
 .text.TIM_SetIC1Prescaler
                0x08000668       0x38 ..\obj\stm32f10x_tim.o
                0x08000668                TIM_SetIC1Prescaler
 .text.TIM_SetIC2Prescaler
                0x080006a0       0x3c ..\obj\stm32f10x_tim.o
                0x080006a0                TIM_SetIC2Prescaler
 .text.TIM_GetCapture1
                0x080006dc       0x18 ..\obj\stm32f10x_tim.o
                0x080006dc                TIM_GetCapture1
 .text.TIM_GetCapture2
                0x080006f4       0x18 ..\obj\stm32f10x_tim.o
                0x080006f4                TIM_GetCapture2
 .text.TIM_GetCounter
                0x0800070c       0x18 ..\obj\stm32f10x_tim.o
                0x0800070c                TIM_GetCounter
 .text.TIM_GetITStatus
                0x08000724       0x54 ..\obj\stm32f10x_tim.o
                0x08000724                TIM_GetITStatus
 .text.TIM_ClearITPendingBit
                0x08000778       0x20 ..\obj\stm32f10x_tim.o
                0x08000778                TIM_ClearITPendingBit
 .text.TI1_Config
                0x08000798       0xe0 ..\obj\stm32f10x_tim.o
 .text.TI2_Config
                0x08000878       0xf4 ..\obj\stm32f10x_tim.o
 .text.SystemInit
                0x0800096c       0x68 ..\obj\system_stm32f10x.o
                0x0800096c                SystemInit
 .text.SetSysClock
                0x080009d4        0xc ..\obj\system_stm32f10x.o
 .text.SetSysClockTo72
                0x080009e0      0x100 ..\obj\system_stm32f10x.o
 .text.Default_Reset_Handler
                0x08000ae0       0x60 ..\obj\startup_stm32f10x_md.o
                0x08000ae0                Default_Reset_Handler
                0x08000ae0                Reset_Handler
 .text.Default_Handler
                0x08000b40        0x8 ..\obj\startup_stm32f10x_md.o
                0x08000b40                EXTI2_IRQHandler
                0x08000b40                DebugMon_Handler
                0x08000b40                TIM1_CC_IRQHandler
                0x08000b40                HardFault_Handler
                0x08000b40                SysTick_Handler
                0x08000b40                PVD_IRQHandler
                0x08000b40                PendSV_Handler
                0x08000b40                NMI_Handler
                0x08000b40                EXTI3_IRQHandler
                0x08000b40                EXTI0_IRQHandler
                0x08000b40                I2C2_EV_IRQHandler
                0x08000b40                UsageFault_Handler
                0x08000b40                ADC1_2_IRQHandler
                0x08000b40                SPI1_IRQHandler
                0x08000b40                TAMPER_IRQHandler
                0x08000b40                DMA1_Channel4_IRQHandler
                0x08000b40                USART3_IRQHandler
                0x08000b40                RTC_IRQHandler
                0x08000b40                DMA1_Channel7_IRQHandler
                0x08000b40                CAN1_RX1_IRQHandler
                0x08000b40                TIM4_IRQHandler
                0x08000b40                I2C1_EV_IRQHandler
                0x08000b40                DMA1_Channel6_IRQHandler
                0x08000b40                RCC_IRQHandler
                0x08000b40                TIM1_TRG_COM_IRQHandler
                0x08000b40                DMA1_Channel1_IRQHandler
                0x08000b40                EXTI15_10_IRQHandler
                0x08000b40                EXTI9_5_IRQHandler
                0x08000b40                SPI2_IRQHandler
                0x08000b40                MemManage_Handler
                0x08000b40                SVC_Handler
                0x08000b40                DMA1_Channel5_IRQHandler
                0x08000b40                EXTI4_IRQHandler
                0x08000b40                USB_LP_CAN1_RX0_IRQHandler
                0x08000b40                USB_HP_CAN1_TX_IRQHandler
                0x08000b40                DMA1_Channel3_IRQHandler
                0x08000b40                TIM1_UP_IRQHandler
                0x08000b40                WWDG_IRQHandler
                0x08000b40                TIM1_BRK_IRQHandler
                0x08000b40                EXTI1_IRQHandler
                0x08000b40                RTCAlarm_IRQHandler
                0x08000b40                I2C2_ER_IRQHandler
                0x08000b40                DMA1_Channel2_IRQHandler
                0x08000b40                CAN1_SCE_IRQHandler
                0x08000b40                FLASH_IRQHandler
                0x08000b40                BusFault_Handler
                0x08000b40                USART1_IRQHandler
                0x08000b40                I2C1_ER_IRQHandler
                0x08000b40                USBWakeUp_IRQHandler
 .text.GPIO_Init
                0x08000b48      0x178 ..\obj\stm32f10x_gpio.o
                0x08000b48                GPIO_Init
 .text.GPIO_StructInit
                0x08000cc0       0x28 ..\obj\stm32f10x_gpio.o
                0x08000cc0                GPIO_StructInit
 .text.GPIO_ReadOutputDataBit
                0x08000ce8       0x34 ..\obj\stm32f10x_gpio.o
                0x08000ce8                GPIO_ReadOutputDataBit
 .text.GPIO_SetBits
                0x08000d1c       0x1c ..\obj\stm32f10x_gpio.o
                0x08000d1c                GPIO_SetBits
 .text.GPIO_ResetBits
                0x08000d38       0x1c ..\obj\stm32f10x_gpio.o
                0x08000d38                GPIO_ResetBits
 .text.TIM2_IRQHandler
                0x08000d54       0x74 ..\obj\main.o
                0x08000d54                TIM2_IRQHandler
 .text.TIM3_IRQHandler
                0x08000dc8       0x20 ..\obj\main.o
                0x08000dc8                TIM3_IRQHandler
 .text.jedenpuls
                0x08000de8       0xdc ..\obj\main.o
                0x08000de8                jedenpuls
 .text.zliczanieU
                0x08000ec4       0x48 ..\obj\main.o
                0x08000ec4                zliczanieU
 .text.stop     0x08000f0c       0x30 ..\obj\main.o
                0x08000f0c                stop
 .text.dwylacz  0x08000f3c       0x14 ..\obj\main.o
                0x08000f3c                dwylacz
 .text.zliczanieD
                0x08000f50       0x48 ..\obj\main.o
                0x08000f50                zliczanieD
 .text.zwyklylicznik
                0x08000f98       0x98 ..\obj\main.o
                0x08000f98                zwyklylicznik
 .text.pwm      0x08001030       0xa4 ..\obj\main.o
                0x08001030                pwm
 .text.pwminput
                0x080010d4       0xa0 ..\obj\main.o
                0x080010d4                pwminput
 .text.main     0x08001174      0x15c ..\obj\main.o
                0x08001174                main
 .text.sendString
                0x080012d0       0xc0 ..\obj\main.o
                0x080012d0                sendString
 .text.usart    0x08001390       0xbc ..\obj\main.o
                0x08001390                usart
 .text.USART2_IRQHandler
                0x0800144c       0xc8 ..\obj\main.o
                0x0800144c                USART2_IRQHandler
 .text.szukaniekomendy
                0x08001514       0xb0 ..\obj\main.o
                0x08001514                szukaniekomendy
 *fill*         0x080015c4        0x4 
 .text.parse    0x080015c8      0x664 ..\obj\main.o
                0x080015c8                parse
 .text.czyszczenie
                0x08001c2c       0x30 ..\obj\main.o
                0x08001c2c                czyszczenie
 .text.cut_command_line
                0x08001c5c       0x34 ..\obj\main.o
                0x08001c5c                cut_command_line
 .text.encodersRead
                0x08001c90      0x120 ..\obj\main.o
                0x08001c90                encodersRead
 .text.encodersReset
                0x08001db0       0x4c ..\obj\main.o
                0x08001db0                encodersReset
 .text.kwadratura1
                0x08001dfc       0x9c ..\obj\main.o
                0x08001dfc                kwadratura1
 .text.RCC_GetClocksFreq
                0x08001e98      0x160 ..\obj\stm32f10x_rcc.o
                0x08001e98                RCC_GetClocksFreq
 .text.RCC_APB2PeriphClockCmd
                0x08001ff8       0x3c ..\obj\stm32f10x_rcc.o
                0x08001ff8                RCC_APB2PeriphClockCmd
 .text.RCC_APB1PeriphClockCmd
                0x08002034       0x3c ..\obj\stm32f10x_rcc.o
                0x08002034                RCC_APB1PeriphClockCmd
 .text.USART_Init
                0x08002070      0x174 ..\obj\stm32f10x_usart.o
                0x08002070                USART_Init
 .text.USART_Cmd
                0x080021e4       0x40 ..\obj\stm32f10x_usart.o
                0x080021e4                USART_Cmd
 .text.USART_ITConfig
                0x08002224       0x90 ..\obj\stm32f10x_usart.o
                0x08002224                USART_ITConfig
 .text.USART_SendData
                0x080022b4       0x24 ..\obj\stm32f10x_usart.o
                0x080022b4                USART_SendData
 .text.USART_ReceiveData
                0x080022d8       0x20 ..\obj\stm32f10x_usart.o
                0x080022d8                USART_ReceiveData
 .text.USART_GetFlagStatus
                0x080022f8       0x38 ..\obj\stm32f10x_usart.o
                0x080022f8                USART_GetFlagStatus
 .text.USART_GetITStatus
                0x08002330       0xb4 ..\obj\stm32f10x_usart.o
                0x08002330                USART_GetITStatus
 .text._sbrk    0x080023e4       0x3c ..\obj\syscalls.o
                0x080023e4                _sbrk
 .text.NVIC_Init
                0x08002420       0xc4 ..\obj\misc.o
                0x08002420                NVIC_Init
 .text          0x080024e4      0x370 c:/program files (x86)/gnu tools arm embedded/5.4 2016q3/bin/../lib/gcc/arm-none-eabi/5.4.1/armv7-m\libgcc.a(_arm_addsubdf3.o)
                0x080024e4                __aeabi_drsub
                0x080024ec                __aeabi_dsub
                0x080024ec                __subdf3
                0x080024f0                __aeabi_dadd
                0x080024f0                __adddf3
                0x08002768                __floatunsidf
                0x08002768                __aeabi_ui2d
                0x08002788                __floatsidf
                0x08002788                __aeabi_i2d
                0x080027ac                __aeabi_f2d
                0x080027ac                __extendsfdf2
                0x080027e8                __floatundidf
                0x080027e8                __aeabi_ul2d
                0x080027f8                __floatdidf
                0x080027f8                __aeabi_l2d
 .text          0x08002854      0x424 c:/program files (x86)/gnu tools arm embedded/5.4 2016q3/bin/../lib/gcc/arm-none-eabi/5.4.1/armv7-m\libgcc.a(_arm_muldivdf3.o)
                0x08002854                __aeabi_dmul
                0x08002854                __muldf3
                0x08002aa8                __divdf3
                0x08002aa8                __aeabi_ddiv
 .text          0x08002c78       0x40 c:/program files (x86)/gnu tools arm embedded/5.4 2016q3/bin/../lib/gcc/arm-none-eabi/5.4.1/armv7-m\libgcc.a(_arm_fixunsdfsi.o)
                0x08002c78                __aeabi_d2uiz
                0x08002c78                __fixunsdfsi
 .text          0x08002cb8      0x21c c:/program files (x86)/gnu tools arm embedded/5.4 2016q3/bin/../lib/gcc/arm-none-eabi/5.4.1/armv7-m\libgcc.a(_arm_addsubsf3.o)
                0x08002cb8                __aeabi_frsub
                0x08002cc0                __subsf3
                0x08002cc0                __aeabi_fsub
                0x08002cc4                __aeabi_fadd
                0x08002cc4                __addsf3
                0x08002e24                __aeabi_ui2f
                0x08002e24                __floatunsisf
                0x08002e2c                __aeabi_i2f
                0x08002e2c                __floatsisf
                0x08002e48                __aeabi_ul2f
                0x08002e48                __floatundisf
                0x08002e58                __aeabi_l2f
                0x08002e58                __floatdisf
 .text          0x08002ed4      0x2a0 c:/program files (x86)/gnu tools arm embedded/5.4 2016q3/bin/../lib/gcc/arm-none-eabi/5.4.1/armv7-m\libgcc.a(_arm_muldivsf3.o)
                0x08002ed4                __mulsf3
                0x08002ed4                __aeabi_fmul
                0x0800303c                __aeabi_fdiv
                0x0800303c                __divsf3
 .text          0x08003174       0xec c:/program files (x86)/gnu tools arm embedded/5.4 2016q3/bin/../lib/gcc/arm-none-eabi/5.4.1/armv7-m\libgcc.a(_arm_cmpsf2.o)
                0x08003174                __gesf2
                0x08003174                __gtsf2
                0x0800317c                __lesf2
                0x0800317c                __ltsf2
                0x08003184                __nesf2
                0x08003184                __eqsf2
                0x08003184                __cmpsf2
                0x080031e4                __aeabi_cfrcmple
                0x080031ec                __aeabi_cfcmpeq
                0x080031ec                __aeabi_cfcmple
                0x080031fc                __aeabi_fcmpeq
                0x08003210                __aeabi_fcmplt
                0x08003224                __aeabi_fcmple
                0x08003238                __aeabi_fcmpge
                0x0800324c                __aeabi_fcmpgt
 .text.atoi     0x08003260        0x8 c:/program files (x86)/gnu tools arm embedded/5.4 2016q3/bin/../lib/gcc/arm-none-eabi/5.4.1/../../../../arm-none-eabi/lib/armv7-m\libg.a(lib_a-atoi.o)
                0x08003260                atoi
 .text.sprintf  0x08003268       0x4c c:/program files (x86)/gnu tools arm embedded/5.4 2016q3/bin/../lib/gcc/arm-none-eabi/5.4.1/../../../../arm-none-eabi/lib/armv7-m\libg.a(lib_a-sprintf.o)
                0x08003268                sprintf
 .text.strncmp  0x080032b4       0x9c c:/program files (x86)/gnu tools arm embedded/5.4 2016q3/bin/../lib/gcc/arm-none-eabi/5.4.1/../../../../arm-none-eabi/lib/armv7-m\libg.a(lib_a-strncmp.o)
                0x080032b4                strncmp
 .text.critical_factorization
                0x08003350       0xb8 c:/program files (x86)/gnu tools arm embedded/5.4 2016q3/bin/../lib/gcc/arm-none-eabi/5.4.1/../../../../arm-none-eabi/lib/armv7-m\libg.a(lib_a-strstr.o)
 .text.two_way_long_needle
                0x08003408      0x200 c:/program files (x86)/gnu tools arm embedded/5.4 2016q3/bin/../lib/gcc/arm-none-eabi/5.4.1/../../../../arm-none-eabi/lib/armv7-m\libg.a(lib_a-strstr.o)
 .text.strstr   0x08003608      0x220 c:/program files (x86)/gnu tools arm embedded/5.4 2016q3/bin/../lib/gcc/arm-none-eabi/5.4.1/../../../../arm-none-eabi/lib/armv7-m\libg.a(lib_a-strstr.o)
                0x08003608                strstr
 .text._strtol_l.isra.0
                0x08003828      0x138 c:/program files (x86)/gnu tools arm embedded/5.4 2016q3/bin/../lib/gcc/arm-none-eabi/5.4.1/../../../../arm-none-eabi/lib/armv7-m\libg.a(lib_a-strtol.o)
 .text.strtol   0x08003960       0x2c c:/program files (x86)/gnu tools arm embedded/5.4 2016q3/bin/../lib/gcc/arm-none-eabi/5.4.1/../../../../arm-none-eabi/lib/armv7-m\libg.a(lib_a-strtol.o)
                0x08003960                strtol
 .text._svfprintf_r
                0x0800398c     0x1760 c:/program files (x86)/gnu tools arm embedded/5.4 2016q3/bin/../lib/gcc/arm-none-eabi/5.4.1/../../../../arm-none-eabi/lib/armv7-m\libg.a(lib_a-svfprintf.o)
                0x0800398c                _svfprintf_r
 .text.quorem   0x080050ec      0x12c c:/program files (x86)/gnu tools arm embedded/5.4 2016q3/bin/../lib/gcc/arm-none-eabi/5.4.1/../../../../arm-none-eabi/lib/armv7-m\libg.a(lib_a-dtoa.o)
 .text._dtoa_r  0x08005218      0xe4c c:/program files (x86)/gnu tools arm embedded/5.4 2016q3/bin/../lib/gcc/arm-none-eabi/5.4.1/../../../../arm-none-eabi/lib/armv7-m\libg.a(lib_a-dtoa.o)
                0x08005218                _dtoa_r
 .text.__locale_ctype_ptr_l
                0x08006064        0x8 c:/program files (x86)/gnu tools arm embedded/5.4 2016q3/bin/../lib/gcc/arm-none-eabi/5.4.1/../../../../arm-none-eabi/lib/armv7-m\libg.a(lib_a-locale.o)
                0x08006064                __locale_ctype_ptr_l
 .text._localeconv_r
                0x0800606c       0x1c c:/program files (x86)/gnu tools arm embedded/5.4 2016q3/bin/../lib/gcc/arm-none-eabi/5.4.1/../../../../arm-none-eabi/lib/armv7-m\libg.a(lib_a-localeconv.o)
                0x0800606c                _localeconv_r
 .text._malloc_r
                0x08006088      0x558 c:/program files (x86)/gnu tools arm embedded/5.4 2016q3/bin/../lib/gcc/arm-none-eabi/5.4.1/../../../../arm-none-eabi/lib/armv7-m\libg.a(lib_a-mallocr.o)
                0x08006088                _malloc_r
 .text.__ascii_mbtowc
                0x080065e0       0x2c c:/program files (x86)/gnu tools arm embedded/5.4 2016q3/bin/../lib/gcc/arm-none-eabi/5.4.1/../../../../arm-none-eabi/lib/armv7-m\libg.a(lib_a-mbtowc_r.o)
                0x080065e0                __ascii_mbtowc
 .text.memchr   0x0800660c       0x8c c:/program files (x86)/gnu tools arm embedded/5.4 2016q3/bin/../lib/gcc/arm-none-eabi/5.4.1/../../../../arm-none-eabi/lib/armv7-m\libg.a(lib_a-memchr-stub.o)
                0x0800660c                memchr
 .text.memcmp   0x08006698       0x64 c:/program files (x86)/gnu tools arm embedded/5.4 2016q3/bin/../lib/gcc/arm-none-eabi/5.4.1/../../../../arm-none-eabi/lib/armv7-m\libg.a(lib_a-memcmp.o)
                0x08006698                memcmp
 .text          0x080066fc       0xec c:/program files (x86)/gnu tools arm embedded/5.4 2016q3/bin/../lib/gcc/arm-none-eabi/5.4.1/../../../../arm-none-eabi/lib/armv7-m\libg.a(lib_a-memcpy.o)
                0x080066fc                memcpy
 .text.__malloc_lock
                0x080067e8        0x4 c:/program files (x86)/gnu tools arm embedded/5.4 2016q3/bin/../lib/gcc/arm-none-eabi/5.4.1/../../../../arm-none-eabi/lib/armv7-m\libg.a(lib_a-mlock.o)
                0x080067e8                __malloc_lock
 .text.__malloc_unlock
                0x080067ec        0x4 c:/program files (x86)/gnu tools arm embedded/5.4 2016q3/bin/../lib/gcc/arm-none-eabi/5.4.1/../../../../arm-none-eabi/lib/armv7-m\libg.a(lib_a-mlock.o)
                0x080067ec                __malloc_unlock
 .text._Balloc  0x080067f0       0x50 c:/program files (x86)/gnu tools arm embedded/5.4 2016q3/bin/../lib/gcc/arm-none-eabi/5.4.1/../../../../arm-none-eabi/lib/armv7-m\libg.a(lib_a-mprec.o)
                0x080067f0                _Balloc
 .text._Bfree   0x08006840       0x14 c:/program files (x86)/gnu tools arm embedded/5.4 2016q3/bin/../lib/gcc/arm-none-eabi/5.4.1/../../../../arm-none-eabi/lib/armv7-m\libg.a(lib_a-mprec.o)
                0x08006840                _Bfree
 .text.__multadd
                0x08006854       0x80 c:/program files (x86)/gnu tools arm embedded/5.4 2016q3/bin/../lib/gcc/arm-none-eabi/5.4.1/../../../../arm-none-eabi/lib/armv7-m\libg.a(lib_a-mprec.o)
                0x08006854                __multadd
 .text.__hi0bits
                0x080068d4       0x40 c:/program files (x86)/gnu tools arm embedded/5.4 2016q3/bin/../lib/gcc/arm-none-eabi/5.4.1/../../../../arm-none-eabi/lib/armv7-m\libg.a(lib_a-mprec.o)
                0x080068d4                __hi0bits
 .text.__lo0bits
                0x08006914       0x5c c:/program files (x86)/gnu tools arm embedded/5.4 2016q3/bin/../lib/gcc/arm-none-eabi/5.4.1/../../../../arm-none-eabi/lib/armv7-m\libg.a(lib_a-mprec.o)
                0x08006914                __lo0bits
 .text.__i2b    0x08006970       0x14 c:/program files (x86)/gnu tools arm embedded/5.4 2016q3/bin/../lib/gcc/arm-none-eabi/5.4.1/../../../../arm-none-eabi/lib/armv7-m\libg.a(lib_a-mprec.o)
                0x08006970                __i2b
 .text.__multiply
                0x08006984      0x13c c:/program files (x86)/gnu tools arm embedded/5.4 2016q3/bin/../lib/gcc/arm-none-eabi/5.4.1/../../../../arm-none-eabi/lib/armv7-m\libg.a(lib_a-mprec.o)
                0x08006984                __multiply
 .text.__pow5mult
                0x08006ac0       0xa0 c:/program files (x86)/gnu tools arm embedded/5.4 2016q3/bin/../lib/gcc/arm-none-eabi/5.4.1/../../../../arm-none-eabi/lib/armv7-m\libg.a(lib_a-mprec.o)
                0x08006ac0                __pow5mult
 .text.__lshift
                0x08006b60       0xac c:/program files (x86)/gnu tools arm embedded/5.4 2016q3/bin/../lib/gcc/arm-none-eabi/5.4.1/../../../../arm-none-eabi/lib/armv7-m\libg.a(lib_a-mprec.o)
                0x08006b60                __lshift
 .text.__mcmp   0x08006c0c       0x40 c:/program files (x86)/gnu tools arm embedded/5.4 2016q3/bin/../lib/gcc/arm-none-eabi/5.4.1/../../../../arm-none-eabi/lib/armv7-m\libg.a(lib_a-mprec.o)
                0x08006c0c                __mcmp
 .text.__mdiff  0x08006c4c      0x128 c:/program files (x86)/gnu tools arm embedded/5.4 2016q3/bin/../lib/gcc/arm-none-eabi/5.4.1/../../../../arm-none-eabi/lib/armv7-m\libg.a(lib_a-mprec.o)
                0x08006c4c                __mdiff
 .text.__d2b    0x08006d74       0xa8 c:/program files (x86)/gnu tools arm embedded/5.4 2016q3/bin/../lib/gcc/arm-none-eabi/5.4.1/../../../../arm-none-eabi/lib/armv7-m\libg.a(lib_a-mprec.o)
                0x08006d74                __d2b
 .text._sbrk_r  0x08006e1c       0x24 c:/program files (x86)/gnu tools arm embedded/5.4 2016q3/bin/../lib/gcc/arm-none-eabi/5.4.1/../../../../arm-none-eabi/lib/armv7-m\libg.a(lib_a-sbrkr.o)
                0x08006e1c                _sbrk_r
 .text.strchr   0x08006e40       0xd0 c:/program files (x86)/gnu tools arm embedded/5.4 2016q3/bin/../lib/gcc/arm-none-eabi/5.4.1/../../../../arm-none-eabi/lib/armv7-m\libg.a(lib_a-strchr.o)
                0x08006e40                strchr
 .text.strlen   0x08006f10       0x5c c:/program files (x86)/gnu tools arm embedded/5.4 2016q3/bin/../lib/gcc/arm-none-eabi/5.4.1/../../../../arm-none-eabi/lib/armv7-m\libg.a(lib_a-strlen-stub.o)
                0x08006f10                strlen
 .text.__ssprint_r
                0x08006f6c      0x100 c:/program files (x86)/gnu tools arm embedded/5.4 2016q3/bin/../lib/gcc/arm-none-eabi/5.4.1/../../../../arm-none-eabi/lib/armv7-m\libg.a(lib_a-svfiprintf.o)
                0x08006f6c                __ssprint_r
 .text.__ascii_wctomb
                0x0800706c       0x1c c:/program files (x86)/gnu tools arm embedded/5.4 2016q3/bin/../lib/gcc/arm-none-eabi/5.4.1/../../../../arm-none-eabi/lib/armv7-m\libg.a(lib_a-wctomb_r.o)
                0x0800706c                __ascii_wctomb
 .text._calloc_r
                0x08007088       0x60 c:/program files (x86)/gnu tools arm embedded/5.4 2016q3/bin/../lib/gcc/arm-none-eabi/5.4.1/../../../../arm-none-eabi/lib/armv7-m\libg.a(lib_a-callocr.o)
                0x08007088                _calloc_r
 .text._malloc_trim_r
                0x080070e8       0x9c c:/program files (x86)/gnu tools arm embedded/5.4 2016q3/bin/../lib/gcc/arm-none-eabi/5.4.1/../../../../arm-none-eabi/lib/armv7-m\libg.a(lib_a-freer.o)
                0x080070e8                _malloc_trim_r
 .text._free_r  0x08007184      0x1d0 c:/program files (x86)/gnu tools arm embedded/5.4 2016q3/bin/../lib/gcc/arm-none-eabi/5.4.1/../../../../arm-none-eabi/lib/armv7-m\libg.a(lib_a-freer.o)
                0x08007184                _free_r
 .text.memmove  0x08007354       0xc8 c:/program files (x86)/gnu tools arm embedded/5.4 2016q3/bin/../lib/gcc/arm-none-eabi/5.4.1/../../../../arm-none-eabi/lib/armv7-m\libg.a(lib_a-memmove.o)
                0x08007354                memmove
 .text.memset   0x0800741c       0x9c c:/program files (x86)/gnu tools arm embedded/5.4 2016q3/bin/../lib/gcc/arm-none-eabi/5.4.1/../../../../arm-none-eabi/lib/armv7-m\libg.a(lib_a-memset.o)
                0x0800741c                memset
 .text._realloc_r
                0x080074b8      0x3d4 c:/program files (x86)/gnu tools arm embedded/5.4 2016q3/bin/../lib/gcc/arm-none-eabi/5.4.1/../../../../arm-none-eabi/lib/armv7-m\libg.a(lib_a-reallocr.o)
                0x080074b8                _realloc_r
 .text          0x0800788c      0x110 c:/program files (x86)/gnu tools arm embedded/5.4 2016q3/bin/../lib/gcc/arm-none-eabi/5.4.1/armv7-m\libgcc.a(_arm_cmpdf2.o)
                0x0800788c                __gtdf2
                0x0800788c                __gedf2
                0x08007894                __ltdf2
                0x08007894                __ledf2
                0x0800789c                __nedf2
                0x0800789c                __eqdf2
                0x0800789c                __cmpdf2
                0x08007918                __aeabi_cdrcmple
                0x08007928                __aeabi_cdcmpeq
                0x08007928                __aeabi_cdcmple
                0x08007938                __aeabi_dcmpeq
                0x0800794c                __aeabi_dcmplt
                0x08007960                __aeabi_dcmple
                0x08007974                __aeabi_dcmpge
                0x08007988                __aeabi_dcmpgt
 .text          0x0800799c       0x2c c:/program files (x86)/gnu tools arm embedded/5.4 2016q3/bin/../lib/gcc/arm-none-eabi/5.4.1/armv7-m\libgcc.a(_arm_unorddf2.o)
                0x0800799c                __unorddf2
                0x0800799c                __aeabi_dcmpun
 .text          0x080079c8       0x50 c:/program files (x86)/gnu tools arm embedded/5.4 2016q3/bin/../lib/gcc/arm-none-eabi/5.4.1/armv7-m\libgcc.a(_arm_fixdfsi.o)
                0x080079c8                __aeabi_d2iz
                0x080079c8                __fixdfsi
 .text          0x08007a18       0x30 c:/program files (x86)/gnu tools arm embedded/5.4 2016q3/bin/../lib/gcc/arm-none-eabi/5.4.1/armv7-m\libgcc.a(_aeabi_uldivmod.o)
                0x08007a18                __aeabi_uldivmod
 .text          0x08007a48      0x2ec c:/program files (x86)/gnu tools arm embedded/5.4 2016q3/bin/../lib/gcc/arm-none-eabi/5.4.1/armv7-m\libgcc.a(_udivmoddi4.o)
                0x08007a48                __udivmoddi4
 .text          0x08007d34        0x4 c:/program files (x86)/gnu tools arm embedded/5.4 2016q3/bin/../lib/gcc/arm-none-eabi/5.4.1/armv7-m\libgcc.a(_dvmd_tls.o)
                0x08007d34                __aeabi_idiv0
                0x08007d34                __aeabi_ldiv0
 *(.init)
 *(.fini)
 *crtbegin.o(.ctors)
 *crtbegin?.o(.ctors)
 *(EXCLUDE_FILE(*crtend.o *crtend?.o) .ctors)
 *(SORT(.ctors.*))
 *(.ctors)
 *crtbegin.o(.dtors)
 *crtbegin?.o(.dtors)
 *(EXCLUDE_FILE(*crtend.o *crtend?.o) .dtors)
 *(SORT(.dtors.*))
 *(.dtors)
 *(.rodata*)
 .rodata        0x08007d38      0x32e ..\obj\main.o
 *fill*         0x08008066        0x2 
 .rodata.zeroes.7256
                0x08008068       0x10 c:/program files (x86)/gnu tools arm embedded/5.4 2016q3/bin/../lib/gcc/arm-none-eabi/5.4.1/../../../../arm-none-eabi/lib/armv7-m\libg.a(lib_a-svfprintf.o)
 .rodata.str1.4
                0x08008078       0x42 c:/program files (x86)/gnu tools arm embedded/5.4 2016q3/bin/../lib/gcc/arm-none-eabi/5.4.1/../../../../arm-none-eabi/lib/armv7-m\libg.a(lib_a-svfprintf.o)
 *fill*         0x080080ba        0x2 
 .rodata.blanks.7255
                0x080080bc       0x10 c:/program files (x86)/gnu tools arm embedded/5.4 2016q3/bin/../lib/gcc/arm-none-eabi/5.4.1/../../../../arm-none-eabi/lib/armv7-m\libg.a(lib_a-svfprintf.o)
 .rodata.str1.4
                0x080080cc       0x10 c:/program files (x86)/gnu tools arm embedded/5.4 2016q3/bin/../lib/gcc/arm-none-eabi/5.4.1/../../../../arm-none-eabi/lib/armv7-m\libg.a(lib_a-dtoa.o)
                                 0x12 (size before relaxing)
 .rodata.str1.4
                0x080080dc       0x10 c:/program files (x86)/gnu tools arm embedded/5.4 2016q3/bin/../lib/gcc/arm-none-eabi/5.4.1/../../../../arm-none-eabi/lib/armv7-m\libg.a(lib_a-locale.o)
                                 0x12 (size before relaxing)
 *fill*         0x080080ec        0x4 
 .rodata.__mprec_tens
                0x080080f0       0xc8 c:/program files (x86)/gnu tools arm embedded/5.4 2016q3/bin/../lib/gcc/arm-none-eabi/5.4.1/../../../../arm-none-eabi/lib/armv7-m\libg.a(lib_a-mprec.o)
                0x080080f0                __mprec_tens
 .rodata.p05.6085
                0x080081b8        0xc c:/program files (x86)/gnu tools arm embedded/5.4 2016q3/bin/../lib/gcc/arm-none-eabi/5.4.1/../../../../arm-none-eabi/lib/armv7-m\libg.a(lib_a-mprec.o)
 *fill*         0x080081c4        0x4 
 .rodata.__mprec_bigtens
                0x080081c8       0x28 c:/program files (x86)/gnu tools arm embedded/5.4 2016q3/bin/../lib/gcc/arm-none-eabi/5.4.1/../../../../arm-none-eabi/lib/armv7-m\libg.a(lib_a-mprec.o)
                0x080081c8                __mprec_bigtens
 .rodata._ctype_
                0x080081f0      0x101 c:/program files (x86)/gnu tools arm embedded/5.4 2016q3/bin/../lib/gcc/arm-none-eabi/5.4.1/../../../../arm-none-eabi/lib/armv7-m\libg.a(lib_a-ctype_.o)
                0x080081f0                _ctype_
 *(.eh_fram e*)

.glue_7         0x080082f4        0x0
 .glue_7        0x080082f4        0x0 linker stubs

.glue_7t        0x080082f4        0x0
 .glue_7t       0x080082f4        0x0 linker stubs

.vfp11_veneer   0x080082f4        0x0
 .vfp11_veneer  0x080082f4        0x0 linker stubs

.v4_bx          0x080082f4        0x0
 .v4_bx         0x080082f4        0x0 linker stubs

.iplt           0x080082f4        0x0
 .iplt          0x080082f4        0x0 ..\obj\stm32f10x_tim.o

.ARM.extab
 *(.ARM.extab* .gnu.linkonce.armextab.*)
                0x080082f4                __exidx_start = .

.ARM.exidx      0x080082f4        0x8
 *(.ARM.exidx* .gnu.linkonce.armexidx.*)
 .ARM.exidx     0x080082f4        0x8 c:/program files (x86)/gnu tools arm embedded/5.4 2016q3/bin/../lib/gcc/arm-none-eabi/5.4.1/armv7-m\libgcc.a(_udivmoddi4.o)
                0x080082fc                __exidx_end = .
                0x080082fc                __etext = .
                0x080082fc                _sidata = __etext

.rel.dyn        0x080082fc        0x0
 .rel.iplt      0x080082fc        0x0 ..\obj\stm32f10x_tim.o

.data           0x20000000      0xa80 load address 0x080082fc
                0x20000000                __data_start__ = .
                0x20000000                _sdata = __data_start__
 *(vtable)
 *(.data*)
 .data          0x20000000       0x14 ..\obj\system_stm32f10x.o
                0x20000000                SystemCoreClock
                0x20000004                AHBPrescTable
 .data          0x20000014       0xa9 ..\obj\main.o
                0x20000014                czlig
                0x2000001c                czwyl
                0x20000024                ckont
                0x2000002c                chelp
                0x20000034                czlid
                0x2000003c                cpwm
                0x20000044                cpwm2
                0x2000004c                cpuls
                0x20000054                cstop
                0x2000005c                cdwyl
                0x20000064                ckwad
                0x2000006c                cipwmin
                0x20000074                cpwminput
                0x20000080                ckwaread
                0x20000088                konterW3
                0x20000090                konterW5
                0x20000098                fwd
                0x200000a0                pwmdioda
                0x200000a8                pwmdioda2
                0x200000b0                kpuls
                0x200000b8                kstop
 *fill*         0x200000bd        0x3 
 .data          0x200000c0       0x14 ..\obj\stm32f10x_rcc.o
 *fill*         0x200000d4        0x4 
 .data.impure_data
                0x200000d8      0x428 c:/program files (x86)/gnu tools arm embedded/5.4 2016q3/bin/../lib/gcc/arm-none-eabi/5.4.1/../../../../arm-none-eabi/lib/armv7-m\libg.a(lib_a-impure.o)
 .data._impure_ptr
                0x20000500        0x4 c:/program files (x86)/gnu tools arm embedded/5.4 2016q3/bin/../lib/gcc/arm-none-eabi/5.4.1/../../../../arm-none-eabi/lib/armv7-m\libg.a(lib_a-impure.o)
                0x20000500                _impure_ptr
 .data.__global_locale
                0x20000504      0x16c c:/program files (x86)/gnu tools arm embedded/5.4 2016q3/bin/../lib/gcc/arm-none-eabi/5.4.1/../../../../arm-none-eabi/lib/armv7-m\libg.a(lib_a-locale.o)
                0x20000504                __global_locale
 .data.__malloc_av_
                0x20000670      0x408 c:/program files (x86)/gnu tools arm embedded/5.4 2016q3/bin/../lib/gcc/arm-none-eabi/5.4.1/../../../../arm-none-eabi/lib/armv7-m\libg.a(lib_a-mallocr.o)
                0x20000670                __malloc_av_
 .data.__malloc_trim_threshold
                0x20000a78        0x4 c:/program files (x86)/gnu tools arm embedded/5.4 2016q3/bin/../lib/gcc/arm-none-eabi/5.4.1/../../../../arm-none-eabi/lib/armv7-m\libg.a(lib_a-mallocr.o)
                0x20000a78                __malloc_trim_threshold
 .data.__malloc_sbrk_base
                0x20000a7c        0x4 c:/program files (x86)/gnu tools arm embedded/5.4 2016q3/bin/../lib/gcc/arm-none-eabi/5.4.1/../../../../arm-none-eabi/lib/armv7-m\libg.a(lib_a-mallocr.o)
                0x20000a7c                __malloc_sbrk_base
                0x20000a80                . = ALIGN (0x4)
                [!provide]                PROVIDE (__preinit_array_start, .)
 *(.preinit_array)
                [!provide]                PROVIDE (__preinit_array_end, .)
                0x20000a80                . = ALIGN (0x4)
                [!provide]                PROVIDE (__init_array_start, .)
 *(SORT(.init_array.*))
 *(.init_array)
                [!provide]                PROVIDE (__init_array_end, .)
                0x20000a80                . = ALIGN (0x4)
                [!provide]                PROVIDE (__fini_array_start, .)
 *(SORT(.fini_array.*))
 *(.fini_array)
                [!provide]                PROVIDE (__fini_array_end, .)
 *(.jcr*)
                0x20000a80                . = ALIGN (0x4)
                0x20000a80                __data_end__ = .
                0x20000a80                _edata = __data_end__

.igot.plt       0x20000a80        0x0 load address 0x08008d7c
 .igot.plt      0x20000a80        0x0 ..\obj\stm32f10x_tim.o

.bss            0x20000a80      0x4e8 load address 0x08008d7c
                0x20000a80                . = ALIGN (0x4)
                0x20000a80                __bss_start__ = .
                0x20000a80                _sbss = __bss_start__
 *(.bss*)
 .bss           0x20000a80       0x3a ..\obj\main.o
                0x20000a80                IC2Value
                0x20000a84                DutyCycle
                0x20000a88                Frequency
                0x20000a8c                mojq
                0x20000a90                mojw
                0x20000a94                moje
                0x20000a98                skok
                0x20000a9c                rx_wr_index
                0x20000a9e                rx_rd_index
                0x20000aa0                tx_wr_index
                0x20000aa2                tx_rd_index
                0x20000aa4                pomoc
                0x20000aa8                prze
                0x20000aa9                pul
                0x20000aaa                pwu
                0x20000aab                pwk
                0x20000aac                zbi
                0x20000aad                pwin
 *fill*         0x20000aba        0x2 
 .bss           0x20000abc        0x4 ..\obj\syscalls.o
 .bss.__malloc_max_total_mem
                0x20000ac0        0x4 c:/program files (x86)/gnu tools arm embedded/5.4 2016q3/bin/../lib/gcc/arm-none-eabi/5.4.1/../../../../arm-none-eabi/lib/armv7-m\libg.a(lib_a-mallocr.o)
                0x20000ac0                __malloc_max_total_mem
 .bss.__malloc_max_sbrked_mem
                0x20000ac4        0x4 c:/program files (x86)/gnu tools arm embedded/5.4 2016q3/bin/../lib/gcc/arm-none-eabi/5.4.1/../../../../arm-none-eabi/lib/armv7-m\libg.a(lib_a-mallocr.o)
                0x20000ac4                __malloc_max_sbrked_mem
 .bss.__malloc_top_pad
                0x20000ac8        0x4 c:/program files (x86)/gnu tools arm embedded/5.4 2016q3/bin/../lib/gcc/arm-none-eabi/5.4.1/../../../../arm-none-eabi/lib/armv7-m\libg.a(lib_a-mallocr.o)
                0x20000ac8                __malloc_top_pad
 .bss.__malloc_current_mallinfo
                0x20000acc       0x28 c:/program files (x86)/gnu tools arm embedded/5.4 2016q3/bin/../lib/gcc/arm-none-eabi/5.4.1/../../../../arm-none-eabi/lib/armv7-m\libg.a(lib_a-mallocr.o)
                0x20000acc                __malloc_current_mallinfo
 *(COMMON)
 COMMON         0x20000af4      0x470 ..\obj\main.o
                0x20000af4                pwmkanal
                0x20000afa                rotCount
                0x20000afc                fwdTotal
                0x20000b00                konter5
                0x20000b04                pwmokres
                0x20000b0c                czestotliwosc
                0x20000b14                fwdCount
                0x20000b18                rotTotal
                0x20000b1c                konter3
                0x20000b20                rx_buffer
                0x20000d20                tx_buffer
                0x20000f20                kanal
                0x20000f24                pwmwartosckanalu
                0x20000f28                leftCount
                0x20000f2c                pwmdzielnikzegara
                0x20000f34                command_line
                0x20000f4c                rightTotal
                0x20000f50                pwmwartoscdzielnika
                0x20000f54                leftTotal
                0x20000f58                pwmwartoscokres
                0x20000f5c                wypelnienie
                0x20000f62                rightCount
 COMMON         0x20000f64        0x4 c:/program files (x86)/gnu tools arm embedded/5.4 2016q3/bin/../lib/gcc/arm-none-eabi/5.4.1/../../../../arm-none-eabi/lib/armv7-m\libg.a(lib_a-reent.o)
                0x20000f64                errno
                0x20000f68                . = ALIGN (0x4)
                0x20000f68                __bss_end__ = .
                0x20000f68                _ebss = __bss_end__

.heap           0x20000f68        0x0
                0x20000f68                __end__ = .
                0x20000f68                _end = __end__
                0x20000f68                end = __end__
 *(.heap*)
                0x20000f68                __HeapLimit = .

.co_stack       0x20000f68      0x400 load address 0x08009264
                0x20000f68                . = ALIGN (0x8)
 *(.co_stack .co_stack.*)
 .co_stack      0x20000f68      0x400 ..\obj\startup_stm32f10x_md.o
                0x20000f68                pulStack
                0x20005000                __StackTop = (ORIGIN (ram) + LENGTH (ram))
                0x20004c00                __StackLimit = (__StackTop - SIZEOF (.co_stack))
                [!provide]                PROVIDE (__stack, __StackTop)
                0x00000001                ASSERT ((__StackLimit >= __HeapLimit), region ram  overflowed with stack)
LOAD ..\obj\stm32f10x_tim.o
LOAD ..\obj\system_stm32f10x.o
LOAD ..\obj\startup_stm32f10x_md.o
LOAD ..\obj\stm32f10x_gpio.o
LOAD ..\obj\main.o
LOAD ..\obj\stm32f10x_crc.o
LOAD ..\obj\stm32f10x_rcc.o
LOAD ..\obj\stm32f10x_usart.o
LOAD ..\obj\syscalls.o
LOAD ..\obj\misc.o
START GROUP
LOAD c:/program files (x86)/gnu tools arm embedded/5.4 2016q3/bin/../lib/gcc/arm-none-eabi/5.4.1/armv7-m\libgcc.a
LOAD c:/program files (x86)/gnu tools arm embedded/5.4 2016q3/bin/../lib/gcc/arm-none-eabi/5.4.1/../../../../arm-none-eabi/lib/armv7-m\libg.a
LOAD c:/program files (x86)/gnu tools arm embedded/5.4 2016q3/bin/../lib/gcc/arm-none-eabi/5.4.1/../../../../arm-none-eabi/lib/armv7-m\libc.a
END GROUP
OUTPUT(projektt.elf elf32-littlearm)

.debug_info     0x00000000     0x5791
 .debug_info    0x00000000     0x1c60 ..\obj\stm32f10x_tim.o
 .debug_info    0x00001c60      0x49c ..\obj\system_stm32f10x.o
 .debug_info    0x000020fc       0xee ..\obj\startup_stm32f10x_md.o
 .debug_info    0x000021ea      0x6f6 ..\obj\stm32f10x_gpio.o
 .debug_info    0x000028e0     0x1270 ..\obj\main.o
 .debug_info    0x00003b50      0x8a3 ..\obj\stm32f10x_rcc.o
 .debug_info    0x000043f3      0x9f0 ..\obj\stm32f10x_usart.o
 .debug_info    0x00004de3      0x458 ..\obj\syscalls.o
 .debug_info    0x0000523b      0x556 ..\obj\misc.o

.debug_abbrev   0x00000000      0xddc
 .debug_abbrev  0x00000000      0x1b2 ..\obj\stm32f10x_tim.o
 .debug_abbrev  0x000001b2      0x14e ..\obj\system_stm32f10x.o
 .debug_abbrev  0x00000300       0xa7 ..\obj\startup_stm32f10x_md.o
 .debug_abbrev  0x000003a7      0x1cc ..\obj\stm32f10x_gpio.o
 .debug_abbrev  0x00000573      0x31d ..\obj\main.o
 .debug_abbrev  0x00000890      0x1bc ..\obj\stm32f10x_rcc.o
 .debug_abbrev  0x00000a4c      0x164 ..\obj\stm32f10x_usart.o
 .debug_abbrev  0x00000bb0       0xe5 ..\obj\syscalls.o
 .debug_abbrev  0x00000c95      0x147 ..\obj\misc.o

.debug_aranges  0x00000000      0x770
 .debug_aranges
                0x00000000      0x2f0 ..\obj\stm32f10x_tim.o
 .debug_aranges
                0x000002f0       0x38 ..\obj\system_stm32f10x.o
 .debug_aranges
                0x00000328       0x28 ..\obj\startup_stm32f10x_md.o
 .debug_aranges
                0x00000350       0xa8 ..\obj\stm32f10x_gpio.o
 .debug_aranges
                0x000003f8       0xc0 ..\obj\main.o
 .debug_aranges
                0x000004b8      0x118 ..\obj\stm32f10x_rcc.o
 .debug_aranges
                0x000005d0      0x100 ..\obj\stm32f10x_usart.o
 .debug_aranges
                0x000006d0       0x60 ..\obj\syscalls.o
 .debug_aranges
                0x00000730       0x40 ..\obj\misc.o

.debug_ranges   0x00000000      0x6e0
 .debug_ranges  0x00000000      0x2e0 ..\obj\stm32f10x_tim.o
 .debug_ranges  0x000002e0       0x28 ..\obj\system_stm32f10x.o
 .debug_ranges  0x00000308       0x18 ..\obj\startup_stm32f10x_md.o
 .debug_ranges  0x00000320       0x98 ..\obj\stm32f10x_gpio.o
 .debug_ranges  0x000003b8       0xb0 ..\obj\main.o
 .debug_ranges  0x00000468      0x108 ..\obj\stm32f10x_rcc.o
 .debug_ranges  0x00000570       0xf0 ..\obj\stm32f10x_usart.o
 .debug_ranges  0x00000660       0x50 ..\obj\syscalls.o
 .debug_ranges  0x000006b0       0x30 ..\obj\misc.o

.debug_line     0x00000000     0x2572
 .debug_line    0x00000000      0xb4c ..\obj\stm32f10x_tim.o
 .debug_line    0x00000b4c      0x220 ..\obj\system_stm32f10x.o
 .debug_line    0x00000d6c       0xa0 ..\obj\startup_stm32f10x_md.o
 .debug_line    0x00000e0c      0x3cc ..\obj\stm32f10x_gpio.o
 .debug_line    0x000011d8      0x5fa ..\obj\main.o
 .debug_line    0x000017d2      0x4c7 ..\obj\stm32f10x_rcc.o
 .debug_line    0x00001c99      0x4ae ..\obj\stm32f10x_usart.o
 .debug_line    0x00002147      0x1ec ..\obj\syscalls.o
 .debug_line    0x00002333      0x23f ..\obj\misc.o

.debug_str      0x00000000     0x2502
 .debug_str     0x00000000      0xd20 ..\obj\stm32f10x_tim.o
                                0xde3 (size before relaxing)
 .debug_str     0x00000d20      0x170 ..\obj\system_stm32f10x.o
                                0x2f5 (size before relaxing)
 .debug_str     0x00000e90       0xae ..\obj\startup_stm32f10x_md.o
                                0x145 (size before relaxing)
 .debug_str     0x00000f3e      0x37c ..\obj\stm32f10x_gpio.o
                                0x51f (size before relaxing)
 .debug_str     0x000012ba      0x7e8 ..\obj\main.o
                                0xd42 (size before relaxing)
 .debug_str     0x00001aa2      0x3e6 ..\obj\stm32f10x_rcc.o
                                0x620 (size before relaxing)
 .debug_str     0x00001e88      0x3a7 ..\obj\stm32f10x_usart.o
                                0x696 (size before relaxing)
 .debug_str     0x0000222f      0x17c ..\obj\syscalls.o
                                0x32d (size before relaxing)
 .debug_str     0x000023ab      0x157 ..\obj\misc.o
                                0x3c4 (size before relaxing)

.comment        0x00000000       0x6e
 .comment       0x00000000       0x6e ..\obj\stm32f10x_tim.o
                                 0x6f (size before relaxing)
 .comment       0x0000006e       0x6f ..\obj\system_stm32f10x.o
 .comment       0x0000006e       0x6f ..\obj\startup_stm32f10x_md.o
 .comment       0x0000006e       0x6f ..\obj\stm32f10x_gpio.o
 .comment       0x0000006e       0x6f ..\obj\main.o
 .comment       0x0000006e       0x6f ..\obj\stm32f10x_rcc.o
 .comment       0x0000006e       0x6f ..\obj\stm32f10x_usart.o
 .comment       0x0000006e       0x6f ..\obj\syscalls.o
 .comment       0x0000006e       0x6f ..\obj\misc.o

.ARM.attributes
                0x00000000       0x31
 .ARM.attributes
                0x00000000       0x33 ..\obj\stm32f10x_tim.o
 .ARM.attributes
                0x00000033       0x33 ..\obj\system_stm32f10x.o
 .ARM.attributes
                0x00000066       0x33 ..\obj\startup_stm32f10x_md.o
 .ARM.attributes
                0x00000099       0x33 ..\obj\stm32f10x_gpio.o
 .ARM.attributes
                0x000000cc       0x33 ..\obj\main.o
 .ARM.attributes
                0x000000ff       0x33 ..\obj\stm32f10x_rcc.o
 .ARM.attributes
                0x00000132       0x33 ..\obj\stm32f10x_usart.o
 .ARM.attributes
                0x00000165       0x33 ..\obj\syscalls.o
 .ARM.attributes
                0x00000198       0x33 ..\obj\misc.o
 .ARM.attributes
                0x000001cb       0x1d c:/program files (x86)/gnu tools arm embedded/5.4 2016q3/bin/../lib/gcc/arm-none-eabi/5.4.1/armv7-m\libgcc.a(_arm_addsubdf3.o)
 .ARM.attributes
                0x000001e8       0x1d c:/program files (x86)/gnu tools arm embedded/5.4 2016q3/bin/../lib/gcc/arm-none-eabi/5.4.1/armv7-m\libgcc.a(_arm_muldivdf3.o)
 .ARM.attributes
                0x00000205       0x1d c:/program files (x86)/gnu tools arm embedded/5.4 2016q3/bin/../lib/gcc/arm-none-eabi/5.4.1/armv7-m\libgcc.a(_arm_fixunsdfsi.o)
 .ARM.attributes
                0x00000222       0x1d c:/program files (x86)/gnu tools arm embedded/5.4 2016q3/bin/../lib/gcc/arm-none-eabi/5.4.1/armv7-m\libgcc.a(_arm_addsubsf3.o)
 .ARM.attributes
                0x0000023f       0x1d c:/program files (x86)/gnu tools arm embedded/5.4 2016q3/bin/../lib/gcc/arm-none-eabi/5.4.1/armv7-m\libgcc.a(_arm_muldivsf3.o)
 .ARM.attributes
                0x0000025c       0x1d c:/program files (x86)/gnu tools arm embedded/5.4 2016q3/bin/../lib/gcc/arm-none-eabi/5.4.1/armv7-m\libgcc.a(_arm_cmpsf2.o)
 .ARM.attributes
                0x00000279       0x2d c:/program files (x86)/gnu tools arm embedded/5.4 2016q3/bin/../lib/gcc/arm-none-eabi/5.4.1/../../../../arm-none-eabi/lib/armv7-m\libg.a(lib_a-atoi.o)
 .ARM.attributes
                0x000002a6       0x2d c:/program files (x86)/gnu tools arm embedded/5.4 2016q3/bin/../lib/gcc/arm-none-eabi/5.4.1/../../../../arm-none-eabi/lib/armv7-m\libg.a(lib_a-sprintf.o)
 .ARM.attributes
                0x000002d3       0x2d c:/program files (x86)/gnu tools arm embedded/5.4 2016q3/bin/../lib/gcc/arm-none-eabi/5.4.1/../../../../arm-none-eabi/lib/armv7-m\libg.a(lib_a-strncmp.o)
 .ARM.attributes
                0x00000300       0x2d c:/program files (x86)/gnu tools arm embedded/5.4 2016q3/bin/../lib/gcc/arm-none-eabi/5.4.1/../../../../arm-none-eabi/lib/armv7-m\libg.a(lib_a-strstr.o)
 .ARM.attributes
                0x0000032d       0x2d c:/program files (x86)/gnu tools arm embedded/5.4 2016q3/bin/../lib/gcc/arm-none-eabi/5.4.1/../../../../arm-none-eabi/lib/armv7-m\libg.a(lib_a-strtol.o)
 .ARM.attributes
                0x0000035a       0x2d c:/program files (x86)/gnu tools arm embedded/5.4 2016q3/bin/../lib/gcc/arm-none-eabi/5.4.1/../../../../arm-none-eabi/lib/armv7-m\libg.a(lib_a-svfprintf.o)
 .ARM.attributes
                0x00000387       0x2d c:/program files (x86)/gnu tools arm embedded/5.4 2016q3/bin/../lib/gcc/arm-none-eabi/5.4.1/../../../../arm-none-eabi/lib/armv7-m\libg.a(lib_a-dtoa.o)
 .ARM.attributes
                0x000003b4       0x2d c:/program files (x86)/gnu tools arm embedded/5.4 2016q3/bin/../lib/gcc/arm-none-eabi/5.4.1/../../../../arm-none-eabi/lib/armv7-m\libg.a(lib_a-impure.o)
 .ARM.attributes
                0x000003e1       0x2d c:/program files (x86)/gnu tools arm embedded/5.4 2016q3/bin/../lib/gcc/arm-none-eabi/5.4.1/../../../../arm-none-eabi/lib/armv7-m\libg.a(lib_a-locale.o)
 .ARM.attributes
                0x0000040e       0x2d c:/program files (x86)/gnu tools arm embedded/5.4 2016q3/bin/../lib/gcc/arm-none-eabi/5.4.1/../../../../arm-none-eabi/lib/armv7-m\libg.a(lib_a-localeconv.o)
 .ARM.attributes
                0x0000043b       0x2d c:/program files (x86)/gnu tools arm embedded/5.4 2016q3/bin/../lib/gcc/arm-none-eabi/5.4.1/../../../../arm-none-eabi/lib/armv7-m\libg.a(lib_a-mallocr.o)
 .ARM.attributes
                0x00000468       0x2d c:/program files (x86)/gnu tools arm embedded/5.4 2016q3/bin/../lib/gcc/arm-none-eabi/5.4.1/../../../../arm-none-eabi/lib/armv7-m\libg.a(lib_a-mbtowc_r.o)
 .ARM.attributes
                0x00000495       0x2d c:/program files (x86)/gnu tools arm embedded/5.4 2016q3/bin/../lib/gcc/arm-none-eabi/5.4.1/../../../../arm-none-eabi/lib/armv7-m\libg.a(lib_a-memchr-stub.o)
 .ARM.attributes
                0x000004c2       0x2d c:/program files (x86)/gnu tools arm embedded/5.4 2016q3/bin/../lib/gcc/arm-none-eabi/5.4.1/../../../../arm-none-eabi/lib/armv7-m\libg.a(lib_a-memcmp.o)
 .ARM.attributes
                0x000004ef       0x1b c:/program files (x86)/gnu tools arm embedded/5.4 2016q3/bin/../lib/gcc/arm-none-eabi/5.4.1/../../../../arm-none-eabi/lib/armv7-m\libg.a(lib_a-memcpy.o)
 .ARM.attributes
                0x0000050a       0x2d c:/program files (x86)/gnu tools arm embedded/5.4 2016q3/bin/../lib/gcc/arm-none-eabi/5.4.1/../../../../arm-none-eabi/lib/armv7-m\libg.a(lib_a-mlock.o)
 .ARM.attributes
                0x00000537       0x2d c:/program files (x86)/gnu tools arm embedded/5.4 2016q3/bin/../lib/gcc/arm-none-eabi/5.4.1/../../../../arm-none-eabi/lib/armv7-m\libg.a(lib_a-mprec.o)
 .ARM.attributes
                0x00000564       0x2d c:/program files (x86)/gnu tools arm embedded/5.4 2016q3/bin/../lib/gcc/arm-none-eabi/5.4.1/../../../../arm-none-eabi/lib/armv7-m\libg.a(lib_a-sbrkr.o)
 .ARM.attributes
                0x00000591       0x2d c:/program files (x86)/gnu tools arm embedded/5.4 2016q3/bin/../lib/gcc/arm-none-eabi/5.4.1/../../../../arm-none-eabi/lib/armv7-m\libg.a(lib_a-strchr.o)
 .ARM.attributes
                0x000005be       0x2d c:/program files (x86)/gnu tools arm embedded/5.4 2016q3/bin/../lib/gcc/arm-none-eabi/5.4.1/../../../../arm-none-eabi/lib/armv7-m\libg.a(lib_a-strlen-stub.o)
 .ARM.attributes
                0x000005eb       0x2d c:/program files (x86)/gnu tools arm embedded/5.4 2016q3/bin/../lib/gcc/arm-none-eabi/5.4.1/../../../../arm-none-eabi/lib/armv7-m\libg.a(lib_a-svfiprintf.o)
 .ARM.attributes
                0x00000618       0x2d c:/program files (x86)/gnu tools arm embedded/5.4 2016q3/bin/../lib/gcc/arm-none-eabi/5.4.1/../../../../arm-none-eabi/lib/armv7-m\libg.a(lib_a-wctomb_r.o)
 .ARM.attributes
                0x00000645       0x2d c:/program files (x86)/gnu tools arm embedded/5.4 2016q3/bin/../lib/gcc/arm-none-eabi/5.4.1/../../../../arm-none-eabi/lib/armv7-m\libg.a(lib_a-callocr.o)
 .ARM.attributes
                0x00000672       0x2d c:/program files (x86)/gnu tools arm embedded/5.4 2016q3/bin/../lib/gcc/arm-none-eabi/5.4.1/../../../../arm-none-eabi/lib/armv7-m\libg.a(lib_a-ctype_.o)
 .ARM.attributes
                0x0000069f       0x2d c:/program files (x86)/gnu tools arm embedded/5.4 2016q3/bin/../lib/gcc/arm-none-eabi/5.4.1/../../../../arm-none-eabi/lib/armv7-m\libg.a(lib_a-freer.o)
 .ARM.attributes
                0x000006cc       0x2d c:/program files (x86)/gnu tools arm embedded/5.4 2016q3/bin/../lib/gcc/arm-none-eabi/5.4.1/../../../../arm-none-eabi/lib/armv7-m\libg.a(lib_a-memmove.o)
 .ARM.attributes
                0x000006f9       0x2d c:/program files (x86)/gnu tools arm embedded/5.4 2016q3/bin/../lib/gcc/arm-none-eabi/5.4.1/../../../../arm-none-eabi/lib/armv7-m\libg.a(lib_a-memset.o)
 .ARM.attributes
                0x00000726       0x2d c:/program files (x86)/gnu tools arm embedded/5.4 2016q3/bin/../lib/gcc/arm-none-eabi/5.4.1/../../../../arm-none-eabi/lib/armv7-m\libg.a(lib_a-reallocr.o)
 .ARM.attributes
                0x00000753       0x2d c:/program files (x86)/gnu tools arm embedded/5.4 2016q3/bin/../lib/gcc/arm-none-eabi/5.4.1/../../../../arm-none-eabi/lib/armv7-m\libg.a(lib_a-reent.o)
 .ARM.attributes
                0x00000780       0x1d c:/program files (x86)/gnu tools arm embedded/5.4 2016q3/bin/../lib/gcc/arm-none-eabi/5.4.1/armv7-m\libgcc.a(_arm_cmpdf2.o)
 .ARM.attributes
                0x0000079d       0x1d c:/program files (x86)/gnu tools arm embedded/5.4 2016q3/bin/../lib/gcc/arm-none-eabi/5.4.1/armv7-m\libgcc.a(_arm_unorddf2.o)
 .ARM.attributes
                0x000007ba       0x1d c:/program files (x86)/gnu tools arm embedded/5.4 2016q3/bin/../lib/gcc/arm-none-eabi/5.4.1/armv7-m\libgcc.a(_arm_fixdfsi.o)
 .ARM.attributes
                0x000007d7       0x1d c:/program files (x86)/gnu tools arm embedded/5.4 2016q3/bin/../lib/gcc/arm-none-eabi/5.4.1/armv7-m\libgcc.a(_aeabi_uldivmod.o)
 .ARM.attributes
                0x000007f4       0x2d c:/program files (x86)/gnu tools arm embedded/5.4 2016q3/bin/../lib/gcc/arm-none-eabi/5.4.1/armv7-m\libgcc.a(_udivmoddi4.o)
 .ARM.attributes
                0x00000821       0x1d c:/program files (x86)/gnu tools arm embedded/5.4 2016q3/bin/../lib/gcc/arm-none-eabi/5.4.1/armv7-m\libgcc.a(_dvmd_tls.o)

.debug_frame    0x00000000     0x2b78
 .debug_frame   0x00000000      0xe2c ..\obj\stm32f10x_tim.o
 .debug_frame   0x00000e2c       0x98 ..\obj\system_stm32f10x.o
 .debug_frame   0x00000ec4       0x4c ..\obj\startup_stm32f10x_md.o
 .debug_frame   0x00000f10      0x2d0 ..\obj\stm32f10x_gpio.o
 .debug_frame   0x000011e0      0x2cc ..\obj\main.o
 .debug_frame   0x000014ac      0x4f4 ..\obj\stm32f10x_rcc.o
 .debug_frame   0x000019a0      0x490 ..\obj\stm32f10x_usart.o
 .debug_frame   0x00001e30      0x168 ..\obj\syscalls.o
 .debug_frame   0x00001f98       0xd8 ..\obj\misc.o
 .debug_frame   0x00002070       0x30 c:/program files (x86)/gnu tools arm embedded/5.4 2016q3/bin/../lib/gcc/arm-none-eabi/5.4.1/../../../../arm-none-eabi/lib/armv7-m\libg.a(lib_a-atoi.o)
 .debug_frame   0x000020a0       0x84 c:/program files (x86)/gnu tools arm embedded/5.4 2016q3/bin/../lib/gcc/arm-none-eabi/5.4.1/../../../../arm-none-eabi/lib/armv7-m\libg.a(lib_a-sprintf.o)
 .debug_frame   0x00002124       0x54 c:/program files (x86)/gnu tools arm embedded/5.4 2016q3/bin/../lib/gcc/arm-none-eabi/5.4.1/../../../../arm-none-eabi/lib/armv7-m\libg.a(lib_a-strncmp.o)
 .debug_frame   0x00002178       0xd8 c:/program files (x86)/gnu tools arm embedded/5.4 2016q3/bin/../lib/gcc/arm-none-eabi/5.4.1/../../../../arm-none-eabi/lib/armv7-m\libg.a(lib_a-strstr.o)
 .debug_frame   0x00002250       0x9c c:/program files (x86)/gnu tools arm embedded/5.4 2016q3/bin/../lib/gcc/arm-none-eabi/5.4.1/../../../../arm-none-eabi/lib/armv7-m\libg.a(lib_a-strtol.o)
 .debug_frame   0x000022ec       0x44 c:/program files (x86)/gnu tools arm embedded/5.4 2016q3/bin/../lib/gcc/arm-none-eabi/5.4.1/../../../../arm-none-eabi/lib/armv7-m\libg.a(lib_a-svfprintf.o)
 .debug_frame   0x00002330       0x84 c:/program files (x86)/gnu tools arm embedded/5.4 2016q3/bin/../lib/gcc/arm-none-eabi/5.4.1/../../../../arm-none-eabi/lib/armv7-m\libg.a(lib_a-dtoa.o)
 .debug_frame   0x000023b4       0x84 c:/program files (x86)/gnu tools arm embedded/5.4 2016q3/bin/../lib/gcc/arm-none-eabi/5.4.1/../../../../arm-none-eabi/lib/armv7-m\libg.a(lib_a-locale.o)
 .debug_frame   0x00002438       0x40 c:/program files (x86)/gnu tools arm embedded/5.4 2016q3/bin/../lib/gcc/arm-none-eabi/5.4.1/../../../../arm-none-eabi/lib/armv7-m\libg.a(lib_a-localeconv.o)
 .debug_frame   0x00002478       0x54 c:/program files (x86)/gnu tools arm embedded/5.4 2016q3/bin/../lib/gcc/arm-none-eabi/5.4.1/../../../../arm-none-eabi/lib/armv7-m\libg.a(lib_a-mallocr.o)
 .debug_frame   0x000024cc       0x4c c:/program files (x86)/gnu tools arm embedded/5.4 2016q3/bin/../lib/gcc/arm-none-eabi/5.4.1/../../../../arm-none-eabi/lib/armv7-m\libg.a(lib_a-mbtowc_r.o)
 .debug_frame   0x00002518       0x34 c:/program files (x86)/gnu tools arm embedded/5.4 2016q3/bin/../lib/gcc/arm-none-eabi/5.4.1/../../../../arm-none-eabi/lib/armv7-m\libg.a(lib_a-memchr-stub.o)
 .debug_frame   0x0000254c       0x38 c:/program files (x86)/gnu tools arm embedded/5.4 2016q3/bin/../lib/gcc/arm-none-eabi/5.4.1/../../../../arm-none-eabi/lib/armv7-m\libg.a(lib_a-memcmp.o)
 .debug_frame   0x00002584       0x30 c:/program files (x86)/gnu tools arm embedded/5.4 2016q3/bin/../lib/gcc/arm-none-eabi/5.4.1/../../../../arm-none-eabi/lib/armv7-m\libg.a(lib_a-mlock.o)
 .debug_frame   0x000025b4      0x264 c:/program files (x86)/gnu tools arm embedded/5.4 2016q3/bin/../lib/gcc/arm-none-eabi/5.4.1/../../../../arm-none-eabi/lib/armv7-m\libg.a(lib_a-mprec.o)
 .debug_frame   0x00002818       0x2c c:/program files (x86)/gnu tools arm embedded/5.4 2016q3/bin/../lib/gcc/arm-none-eabi/5.4.1/../../../../arm-none-eabi/lib/armv7-m\libg.a(lib_a-sbrkr.o)
 .debug_frame   0x00002844       0x4c c:/program files (x86)/gnu tools arm embedded/5.4 2016q3/bin/../lib/gcc/arm-none-eabi/5.4.1/../../../../arm-none-eabi/lib/armv7-m\libg.a(lib_a-strchr.o)
 .debug_frame   0x00002890       0x20 c:/program files (x86)/gnu tools arm embedded/5.4 2016q3/bin/../lib/gcc/arm-none-eabi/5.4.1/../../../../arm-none-eabi/lib/armv7-m\libg.a(lib_a-strlen-stub.o)
 .debug_frame   0x000028b0       0x78 c:/program files (x86)/gnu tools arm embedded/5.4 2016q3/bin/../lib/gcc/arm-none-eabi/5.4.1/../../../../arm-none-eabi/lib/armv7-m\libg.a(lib_a-svfiprintf.o)
 .debug_frame   0x00002928       0x3c c:/program files (x86)/gnu tools arm embedded/5.4 2016q3/bin/../lib/gcc/arm-none-eabi/5.4.1/../../../../arm-none-eabi/lib/armv7-m\libg.a(lib_a-wctomb_r.o)
 .debug_frame   0x00002964       0x28 c:/program files (x86)/gnu tools arm embedded/5.4 2016q3/bin/../lib/gcc/arm-none-eabi/5.4.1/../../../../arm-none-eabi/lib/armv7-m\libg.a(lib_a-callocr.o)
 .debug_frame   0x0000298c       0x74 c:/program files (x86)/gnu tools arm embedded/5.4 2016q3/bin/../lib/gcc/arm-none-eabi/5.4.1/../../../../arm-none-eabi/lib/armv7-m\libg.a(lib_a-freer.o)
 .debug_frame   0x00002a00       0x30 c:/program files (x86)/gnu tools arm embedded/5.4 2016q3/bin/../lib/gcc/arm-none-eabi/5.4.1/../../../../arm-none-eabi/lib/armv7-m\libg.a(lib_a-memmove.o)
 .debug_frame   0x00002a30       0x34 c:/program files (x86)/gnu tools arm embedded/5.4 2016q3/bin/../lib/gcc/arm-none-eabi/5.4.1/../../../../arm-none-eabi/lib/armv7-m\libg.a(lib_a-memset.o)
 .debug_frame   0x00002a64       0x58 c:/program files (x86)/gnu tools arm embedded/5.4 2016q3/bin/../lib/gcc/arm-none-eabi/5.4.1/../../../../arm-none-eabi/lib/armv7-m\libg.a(lib_a-reallocr.o)
 .debug_frame   0x00002abc       0x58 c:/program files (x86)/gnu tools arm embedded/5.4 2016q3/bin/../lib/gcc/arm-none-eabi/5.4.1/../../../../arm-none-eabi/lib/armv7-m\libg.a(lib_a-reent.o)
 .debug_frame   0x00002b14       0x2c c:/program files (x86)/gnu tools arm embedded/5.4 2016q3/bin/../lib/gcc/arm-none-eabi/5.4.1/armv7-m\libgcc.a(_aeabi_uldivmod.o)
 .debug_frame   0x00002b40       0x38 c:/program files (x86)/gnu tools arm embedded/5.4 2016q3/bin/../lib/gcc/arm-none-eabi/5.4.1/armv7-m\libgcc.a(_udivmoddi4.o)
